2026-03-17 14:39:51 [INFO] src.pipelines.run_pipeline: ============================================================
2026-03-17 14:39:51 [INFO] src.pipelines.run_pipeline: PORTFOLIO ANALYTICS PIPELINE - 2026-03-17
2026-03-17 14:39:51 [INFO] src.pipelines.run_pipeline: ============================================================
2026-03-17 14:39:51 [INFO] src.pipelines.run_pipeline: [1/10] Loading holdings...
2026-03-17 14:39:51 [INFO] src.ingestion.load_holdings: Loading holdings from C:\Users\dipes\Desktop\Projects\portfolio-analytics-reporting\data\samples\portfolio_holdings.csv
2026-03-17 14:39:51 [INFO] src.ingestion.load_holdings: Loaded 8 holdings rows for 8 tickers
2026-03-17 14:39:51 [DEBUG] src.ingestion.load_holdings: Tickers: ['AAPL', 'AGG', 'GLD', 'IEFA', 'JNJ', 'MSFT', 'SPY', 'XOM']
2026-03-17 14:39:51 [INFO] src.pipelines.run_pipeline:   -> 8 rows, 8 tickers: ['AAPL', 'AGG', 'GLD', 'IEFA', 'JNJ', 'MSFT', 'SPY', 'XOM']
2026-03-17 14:39:51 [INFO] src.pipelines.run_pipeline: [2/10] Fetching prices from Yahoo Finance...
2026-03-17 14:39:51 [INFO] src.ingestion.fetch_prices: Fetching prices for 8 tickers: ['AAPL', 'AGG', 'GLD', 'IEFA', 'JNJ', 'MSFT', 'SPY', 'XOM']
2026-03-17 14:39:51 [INFO] src.ingestion.fetch_prices: Date range: 2024-01-01 to 2026-03-17
2026-03-17 14:39:52 [DEBUG] src.ingestion.fetch_prices: AAPL: 552 rows from 2024-01-02 to 2026-03-16
2026-03-17 14:39:52 [DEBUG] src.ingestion.fetch_prices: AGG: 552 rows from 2024-01-02 to 2026-03-16
2026-03-17 14:39:52 [DEBUG] src.ingestion.fetch_prices: GLD: 552 rows from 2024-01-02 to 2026-03-16
2026-03-17 14:39:52 [DEBUG] src.ingestion.fetch_prices: IEFA: 552 rows from 2024-01-02 to 2026-03-16
2026-03-17 14:39:52 [DEBUG] src.ingestion.fetch_prices: JNJ: 552 rows from 2024-01-02 to 2026-03-16
2026-03-17 14:39:52 [DEBUG] src.ingestion.fetch_prices: MSFT: 552 rows from 2024-01-02 to 2026-03-16
2026-03-17 14:39:53 [DEBUG] src.ingestion.fetch_prices: SPY: 552 rows from 2024-01-02 to 2026-03-16
2026-03-17 14:39:53 [DEBUG] src.ingestion.fetch_prices: XOM: 552 rows from 2024-01-02 to 2026-03-16
2026-03-17 14:39:53 [INFO] src.ingestion.fetch_prices: Raw prices saved to C:\Users\dipes\Desktop\Projects\portfolio-analytics-reporting\data\raw\prices_raw.parquet
2026-03-17 14:39:53 [INFO] src.ingestion.fetch_prices: Fetched 4416 price rows for 8 tickers
2026-03-17 14:39:53 [INFO] src.pipelines.run_pipeline: [3/10] Fetching Fama-French factors...
2026-03-17 14:39:53 [INFO] src.ingestion.fetch_factors: Fetching Fama-French daily factors from Kenneth French Data Library
2026-03-17 14:39:55 [INFO] src.ingestion.fetch_factors: Raw factors saved to C:\Users\dipes\Desktop\Projects\portfolio-analytics-reporting\data\raw\factors_ff_daily.parquet
2026-03-17 14:39:55 [INFO] src.ingestion.fetch_factors: Loaded 522 factor rows from 2024-01-02 to 2026-01-30
2026-03-17 14:39:55 [INFO] src.pipelines.run_pipeline: [4/10] Validating data...
2026-03-17 14:39:55 [INFO] src.validation.data_checks: Validation: PASSED
2026-03-17 14:39:55 [INFO] src.validation.data_checks: Validation: PASSED
2026-03-17 14:39:55 [INFO] src.validation.data_checks: Validation: PASSED
2026-03-17 14:39:55 [INFO] src.pipelines.run_pipeline: [5/10] Skipping warehouse (--no-warehouse)
2026-03-17 14:39:55 [INFO] src.pipelines.run_pipeline: [6/10] Building prices panel + computing returns...
2026-03-17 14:39:55 [INFO] src.processing.build_prices_panel: Prices panel built: 552 dates x 8 tickers (2024-01-02 to 2026-03-16)
2026-03-17 14:39:55 [INFO] src.processing.returns: Computed simple returns: 551 days x 8 tickers
2026-03-17 14:39:55 [INFO] src.processing.positions: Market values computed for 8 tickers over 552 days
2026-03-17 14:39:55 [INFO] src.processing.returns: Portfolio returns computed: 551 days, mean daily return = 0.0008
2026-03-17 14:39:55 [INFO] src.pipelines.run_pipeline:   -> Portfolio returns: 551 days, total return = 50.12%
2026-03-17 14:39:55 [INFO] src.pipelines.run_pipeline: [7/10] Computing performance metrics...
2026-03-17 14:39:55 [INFO] src.analytics.performance: Performance: cum_return=50.12%, ann_return=20.42%, sharpe=1.08, max_dd=-15.10%
2026-03-17 14:39:55 [INFO] src.pipelines.run_pipeline: [8/10] Computing risk metrics...
2026-03-17 14:39:55 [DEBUG] src.analytics.risk: Historical VaR(95%, 1d): 0.0117 (1.17% of portfolio)
2026-03-17 14:39:55 [DEBUG] src.analytics.risk: Historical CVaR(95%): 0.0191
2026-03-17 14:39:56 [INFO] src.analytics.risk: Risk: ann_vol=13.58%, max_dd=-15.10%, VaR95=1.17%, CVaR95=1.91%
2026-03-17 14:39:56 [INFO] src.pipelines.run_pipeline: [9/10] Running Fama-French factor regression...
2026-03-17 14:39:56 [INFO] src.analytics.factor_model: Factor model: alpha=2.48%/yr, beta_mkt=0.754, SMB=-0.141, HML=-0.053, R^2=0.782
2026-03-17 14:39:56 [INFO] src.pipelines.run_pipeline:   -> Style: Defensive all-cap blend portfolio (beta=0.75, alpha=2.48%/yr, R^2=78%)
2026-03-17 14:39:56 [INFO] src.pipelines.run_pipeline: [10/10] Generating charts and report...
2026-03-17 14:39:56 [INFO] src.reporting.charts: Generating charts...
2026-03-17 14:39:57 [INFO] src.reporting.charts: Chart saved: C:\Users\dipes\Desktop\Projects\portfolio-analytics-reporting\artifacts\figures\cumulative_returns.png
2026-03-17 14:39:57 [INFO] src.reporting.charts: Chart saved: C:\Users\dipes\Desktop\Projects\portfolio-analytics-reporting\artifacts\figures\drawdown.png
2026-03-17 14:39:57 [INFO] src.reporting.charts: Chart saved: C:\Users\dipes\Desktop\Projects\portfolio-analytics-reporting\artifacts\figures\rolling_volatility.png
2026-03-17 14:39:57 [INFO] src.reporting.charts: Chart saved: C:\Users\dipes\Desktop\Projects\portfolio-analytics-reporting\artifacts\figures\monthly_returns_heatmap.png
2026-03-17 14:39:57 [DEBUG] src.analytics.risk: Historical VaR(95%, 1d): 0.0117 (1.17% of portfolio)
2026-03-17 14:39:57 [DEBUG] src.analytics.risk: Historical CVaR(95%): 0.0191
2026-03-17 14:39:57 [INFO] src.reporting.charts: Chart saved: C:\Users\dipes\Desktop\Projects\portfolio-analytics-reporting\artifacts\figures\return_distribution.png
2026-03-17 14:39:57 [INFO] src.reporting.charts: Chart saved: C:\Users\dipes\Desktop\Projects\portfolio-analytics-reporting\artifacts\figures\factor_loadings.png
2026-03-17 14:39:57 [INFO] src.reporting.charts: Chart saved: C:\Users\dipes\Desktop\Projects\portfolio-analytics-reporting\artifacts\figures\sector_weights.png
2026-03-17 14:39:57 [INFO] src.reporting.charts: Generated 7 charts
2026-03-17 14:39:57 [INFO] src.reporting.generate_report: HTML report generated: C:\Users\dipes\Desktop\Projects\portfolio-analytics-reporting\artifacts\reports\portfolio_report_2026-03-17.html
2026-03-17 14:39:57 [INFO] src.pipelines.run_pipeline: 
2026-03-17 14:39:57 [INFO] src.pipelines.run_pipeline: ============================================================
2026-03-17 14:39:57 [INFO] src.pipelines.run_pipeline: PIPELINE COMPLETE
2026-03-17 14:39:57 [INFO] src.pipelines.run_pipeline: ============================================================
2026-03-17 14:39:57 [INFO] src.pipelines.run_pipeline:   Cumulative return : 50.12%
2026-03-17 14:39:57 [INFO] src.pipelines.run_pipeline:   Annualized return : 20.42%
2026-03-17 14:39:57 [INFO] src.pipelines.run_pipeline:   Sharpe ratio      : 1.08
2026-03-17 14:39:57 [INFO] src.pipelines.run_pipeline:   Max drawdown      : -15.10%
2026-03-17 14:39:57 [INFO] src.pipelines.run_pipeline:   VaR 95% (1d)      : 1.17%
2026-03-17 14:39:57 [INFO] src.pipelines.run_pipeline:   Factor beta (mkt) : 0.754
2026-03-17 14:39:57 [INFO] src.pipelines.run_pipeline:   Factor R^2        : 0.782
2026-03-17 14:39:57 [INFO] src.pipelines.run_pipeline:   Report            : C:\Users\dipes\Desktop\Projects\portfolio-analytics-reporting\artifacts\reports\portfolio_report_2026-03-17.html
2026-03-17 14:39:57 [INFO] src.pipelines.run_pipeline:   Charts            : 7 saved to artifacts/figures/
2026-03-17 14:39:57 [INFO] src.pipelines.run_pipeline: 
2026-03-17 14:43:48 [INFO] src.pipelines.run_pipeline: ============================================================
2026-03-17 14:43:48 [INFO] src.pipelines.run_pipeline: PORTFOLIO ANALYTICS PIPELINE - 2026-03-17
2026-03-17 14:43:48 [INFO] src.pipelines.run_pipeline: ============================================================
2026-03-17 14:43:48 [INFO] src.pipelines.run_pipeline: [1/10] Loading holdings...
2026-03-17 14:43:48 [INFO] src.ingestion.load_holdings: Loading holdings from C:\Users\dipes\Desktop\Projects\portfolio-analytics-reporting\data\samples\portfolio_holdings.csv
2026-03-17 14:43:48 [INFO] src.ingestion.load_holdings: Loaded 8 holdings rows for 8 tickers
2026-03-17 14:43:48 [DEBUG] src.ingestion.load_holdings: Tickers: ['AAPL', 'AGG', 'GLD', 'IEFA', 'JNJ', 'MSFT', 'SPY', 'XOM']
2026-03-17 14:43:48 [INFO] src.pipelines.run_pipeline:   -> 8 rows, 8 tickers: ['AAPL', 'AGG', 'GLD', 'IEFA', 'JNJ', 'MSFT', 'SPY', 'XOM']
2026-03-17 14:43:48 [INFO] src.pipelines.run_pipeline: [2/10] Fetching prices from Yahoo Finance...
2026-03-17 14:43:48 [INFO] src.ingestion.fetch_prices: Fetching prices for 8 tickers: ['AAPL', 'AGG', 'GLD', 'IEFA', 'JNJ', 'MSFT', 'SPY', 'XOM']
2026-03-17 14:43:48 [INFO] src.ingestion.fetch_prices: Date range: 2024-01-01 to 2026-03-17
2026-03-17 14:43:49 [DEBUG] src.ingestion.fetch_prices: AAPL: 552 rows from 2024-01-02 to 2026-03-16
2026-03-17 14:43:49 [DEBUG] src.ingestion.fetch_prices: AGG: 552 rows from 2024-01-02 to 2026-03-16
2026-03-17 14:43:49 [DEBUG] src.ingestion.fetch_prices: GLD: 552 rows from 2024-01-02 to 2026-03-16
2026-03-17 14:43:50 [DEBUG] src.ingestion.fetch_prices: IEFA: 552 rows from 2024-01-02 to 2026-03-16
2026-03-17 14:43:50 [DEBUG] src.ingestion.fetch_prices: JNJ: 552 rows from 2024-01-02 to 2026-03-16
2026-03-17 14:43:50 [DEBUG] src.ingestion.fetch_prices: MSFT: 552 rows from 2024-01-02 to 2026-03-16
2026-03-17 14:43:50 [DEBUG] src.ingestion.fetch_prices: SPY: 552 rows from 2024-01-02 to 2026-03-16
2026-03-17 14:43:50 [DEBUG] src.ingestion.fetch_prices: XOM: 552 rows from 2024-01-02 to 2026-03-16
2026-03-17 14:43:50 [INFO] src.ingestion.fetch_prices: Raw prices saved to C:\Users\dipes\Desktop\Projects\portfolio-analytics-reporting\data\raw\prices_raw.parquet
2026-03-17 14:43:50 [INFO] src.ingestion.fetch_prices: Fetched 4416 price rows for 8 tickers
2026-03-17 14:43:50 [INFO] src.pipelines.run_pipeline: [3/10] Fetching Fama-French factors...
2026-03-17 14:43:50 [INFO] src.ingestion.fetch_factors: Fetching Fama-French daily factors from Kenneth French Data Library
2026-03-17 14:43:52 [INFO] src.ingestion.fetch_factors: Raw factors saved to C:\Users\dipes\Desktop\Projects\portfolio-analytics-reporting\data\raw\factors_ff_daily.parquet
2026-03-17 14:43:52 [INFO] src.ingestion.fetch_factors: Loaded 522 factor rows from 2024-01-02 to 2026-01-30
2026-03-17 14:43:52 [INFO] src.pipelines.run_pipeline: [4/10] Validating data...
2026-03-17 14:43:52 [INFO] src.validation.data_checks: Validation: PASSED
2026-03-17 14:43:52 [INFO] src.validation.data_checks: Validation: PASSED
2026-03-17 14:43:53 [INFO] src.validation.data_checks: Validation: PASSED
2026-03-17 14:43:53 [INFO] src.pipelines.run_pipeline: [5/10] Skipping warehouse (--no-warehouse)
2026-03-17 14:43:53 [INFO] src.pipelines.run_pipeline: [6/10] Building prices panel + computing returns...
2026-03-17 14:43:53 [INFO] src.processing.build_prices_panel: Prices panel built: 552 dates x 8 tickers (2024-01-02 to 2026-03-16)
2026-03-17 14:43:53 [INFO] src.processing.returns: Computed simple returns: 551 days x 8 tickers
2026-03-17 14:43:53 [INFO] src.processing.positions: Market values computed for 8 tickers over 552 days
2026-03-17 14:43:53 [INFO] src.processing.returns: Portfolio returns computed: 551 days, mean daily return = 0.0008
2026-03-17 14:43:53 [INFO] src.pipelines.run_pipeline:   -> Portfolio returns: 551 days, total return = 50.12%
2026-03-17 14:43:53 [INFO] src.pipelines.run_pipeline: [7/10] Computing performance metrics...
2026-03-17 14:43:53 [INFO] src.analytics.performance: Performance: cum_return=50.12%, ann_return=20.42%, sharpe=1.08, max_dd=-15.10%
2026-03-17 14:43:53 [INFO] src.pipelines.run_pipeline: [8/10] Computing risk metrics...
2026-03-17 14:43:53 [DEBUG] src.analytics.risk: Historical VaR(95%, 1d): 0.0117 (1.17% of portfolio)
2026-03-17 14:43:53 [DEBUG] src.analytics.risk: Historical CVaR(95%): 0.0191
2026-03-17 14:43:53 [INFO] src.analytics.risk: Risk: ann_vol=13.58%, max_dd=-15.10%, VaR95=1.17%, CVaR95=1.91%
2026-03-17 14:43:53 [INFO] src.pipelines.run_pipeline: [9/10] Running Fama-French factor regression...
2026-03-17 14:43:54 [INFO] src.analytics.factor_model: Factor model: alpha=2.48%/yr, beta_mkt=0.754, SMB=-0.141, HML=-0.053, R^2=0.782
2026-03-17 14:43:54 [INFO] src.pipelines.run_pipeline:   -> Style: Defensive all-cap blend portfolio (beta=0.75, alpha=2.48%/yr, R^2=78%)
2026-03-17 14:43:54 [INFO] src.pipelines.run_pipeline: [10/10] Generating charts and report...
2026-03-17 14:43:54 [INFO] src.reporting.charts: Generating charts...
2026-03-17 14:43:54 [INFO] src.reporting.charts: Chart saved: C:\Users\dipes\Desktop\Projects\portfolio-analytics-reporting\artifacts\figures\cumulative_returns.png
2026-03-17 14:43:54 [INFO] src.reporting.charts: Chart saved: C:\Users\dipes\Desktop\Projects\portfolio-analytics-reporting\artifacts\figures\drawdown.png
2026-03-17 14:43:54 [INFO] src.reporting.charts: Chart saved: C:\Users\dipes\Desktop\Projects\portfolio-analytics-reporting\artifacts\figures\rolling_volatility.png
2026-03-17 14:43:54 [INFO] src.reporting.charts: Chart saved: C:\Users\dipes\Desktop\Projects\portfolio-analytics-reporting\artifacts\figures\monthly_returns_heatmap.png
2026-03-17 14:43:54 [DEBUG] src.analytics.risk: Historical VaR(95%, 1d): 0.0117 (1.17% of portfolio)
2026-03-17 14:43:54 [DEBUG] src.analytics.risk: Historical CVaR(95%): 0.0191
2026-03-17 14:43:54 [INFO] src.reporting.charts: Chart saved: C:\Users\dipes\Desktop\Projects\portfolio-analytics-reporting\artifacts\figures\return_distribution.png
2026-03-17 14:43:54 [INFO] src.reporting.charts: Chart saved: C:\Users\dipes\Desktop\Projects\portfolio-analytics-reporting\artifacts\figures\factor_loadings.png
2026-03-17 14:43:54 [INFO] src.reporting.charts: Chart saved: C:\Users\dipes\Desktop\Projects\portfolio-analytics-reporting\artifacts\figures\sector_weights.png
2026-03-17 14:43:54 [INFO] src.reporting.charts: Generated 7 charts
2026-03-17 14:43:54 [INFO] src.reporting.generate_report: HTML report generated: C:\Users\dipes\Desktop\Projects\portfolio-analytics-reporting\artifacts\reports\portfolio_report_2026-03-17.html
2026-03-17 14:43:54 [INFO] src.pipelines.run_pipeline: 
2026-03-17 14:43:54 [INFO] src.pipelines.run_pipeline: ============================================================
2026-03-17 14:43:54 [INFO] src.pipelines.run_pipeline: PIPELINE COMPLETE
2026-03-17 14:43:54 [INFO] src.pipelines.run_pipeline: ============================================================
2026-03-17 14:43:54 [INFO] src.pipelines.run_pipeline:   Cumulative return : 50.12%
2026-03-17 14:43:54 [INFO] src.pipelines.run_pipeline:   Annualized return : 20.42%
2026-03-17 14:43:54 [INFO] src.pipelines.run_pipeline:   Sharpe ratio      : 1.08
2026-03-17 14:43:54 [INFO] src.pipelines.run_pipeline:   Max drawdown      : -15.10%
2026-03-17 14:43:54 [INFO] src.pipelines.run_pipeline:   VaR 95% (1d)      : 1.17%
2026-03-17 14:43:54 [INFO] src.pipelines.run_pipeline:   Factor beta (mkt) : 0.754
2026-03-17 14:43:54 [INFO] src.pipelines.run_pipeline:   Factor R^2        : 0.782
2026-03-17 14:43:54 [INFO] src.pipelines.run_pipeline:   Report            : C:\Users\dipes\Desktop\Projects\portfolio-analytics-reporting\artifacts\reports\portfolio_report_2026-03-17.html
2026-03-17 14:43:54 [INFO] src.pipelines.run_pipeline:   Charts            : 7 saved to artifacts/figures/
2026-03-17 14:43:54 [INFO] src.pipelines.run_pipeline: 
2026-03-17 14:45:38 [INFO] src.pipelines.run_pipeline: ============================================================
2026-03-17 14:45:38 [INFO] src.pipelines.run_pipeline: PORTFOLIO ANALYTICS PIPELINE - 2026-03-17
2026-03-17 14:45:38 [INFO] src.pipelines.run_pipeline: ============================================================
2026-03-17 14:45:38 [INFO] src.pipelines.run_pipeline: [1/10] Loading holdings...
2026-03-17 14:45:38 [INFO] src.ingestion.load_holdings: Loading holdings from C:\Users\dipes\Desktop\Projects\portfolio-analytics-reporting\data\samples\portfolio_holdings.csv
2026-03-17 14:45:38 [INFO] src.ingestion.load_holdings: Loaded 8 holdings rows for 8 tickers
2026-03-17 14:45:38 [DEBUG] src.ingestion.load_holdings: Tickers: ['AAPL', 'AGG', 'GLD', 'IEFA', 'JNJ', 'MSFT', 'SPY', 'XOM']
2026-03-17 14:45:38 [INFO] src.pipelines.run_pipeline:   -> 8 rows, 8 tickers: ['AAPL', 'AGG', 'GLD', 'IEFA', 'JNJ', 'MSFT', 'SPY', 'XOM']
2026-03-17 14:45:38 [INFO] src.pipelines.run_pipeline: [2/10] Fetching prices from Yahoo Finance...
2026-03-17 14:45:38 [INFO] src.ingestion.fetch_prices: Fetching prices for 8 tickers: ['AAPL', 'AGG', 'GLD', 'IEFA', 'JNJ', 'MSFT', 'SPY', 'XOM']
2026-03-17 14:45:38 [INFO] src.ingestion.fetch_prices: Date range: 2024-01-01 to 2026-03-17
2026-03-17 14:45:38 [DEBUG] src.ingestion.fetch_prices: AAPL: 552 rows from 2024-01-02 to 2026-03-16
2026-03-17 14:45:38 [DEBUG] src.ingestion.fetch_prices: AGG: 552 rows from 2024-01-02 to 2026-03-16
2026-03-17 14:45:38 [DEBUG] src.ingestion.fetch_prices: GLD: 552 rows from 2024-01-02 to 2026-03-16
2026-03-17 14:45:38 [DEBUG] src.ingestion.fetch_prices: IEFA: 552 rows from 2024-01-02 to 2026-03-16
2026-03-17 14:45:38 [DEBUG] src.ingestion.fetch_prices: JNJ: 552 rows from 2024-01-02 to 2026-03-16
2026-03-17 14:45:38 [DEBUG] src.ingestion.fetch_prices: MSFT: 552 rows from 2024-01-02 to 2026-03-16
2026-03-17 14:45:38 [DEBUG] src.ingestion.fetch_prices: SPY: 552 rows from 2024-01-02 to 2026-03-16
2026-03-17 14:45:38 [DEBUG] src.ingestion.fetch_prices: XOM: 552 rows from 2024-01-02 to 2026-03-16
2026-03-17 14:45:38 [INFO] src.ingestion.fetch_prices: Raw prices saved to C:\Users\dipes\Desktop\Projects\portfolio-analytics-reporting\data\raw\prices_raw.parquet
2026-03-17 14:45:38 [INFO] src.ingestion.fetch_prices: Fetched 4416 price rows for 8 tickers
2026-03-17 14:45:38 [INFO] src.pipelines.run_pipeline: [3/10] Fetching Fama-French factors...
2026-03-17 14:45:38 [INFO] src.ingestion.fetch_factors: Fetching Fama-French daily factors from Kenneth French Data Library
2026-03-17 14:45:40 [INFO] src.ingestion.fetch_factors: Raw factors saved to C:\Users\dipes\Desktop\Projects\portfolio-analytics-reporting\data\raw\factors_ff_daily.parquet
2026-03-17 14:45:40 [INFO] src.ingestion.fetch_factors: Loaded 522 factor rows from 2024-01-02 to 2026-01-30
2026-03-17 14:45:40 [INFO] src.pipelines.run_pipeline: [4/10] Validating data...
2026-03-17 14:45:40 [INFO] src.validation.data_checks: Validation: PASSED
2026-03-17 14:45:40 [INFO] src.validation.data_checks: Validation: PASSED
2026-03-17 14:45:40 [INFO] src.validation.data_checks: Validation: PASSED
2026-03-17 14:45:40 [INFO] src.pipelines.run_pipeline: [5/10] Skipping warehouse (--no-warehouse)
2026-03-17 14:45:40 [INFO] src.pipelines.run_pipeline: [6/10] Building prices panel + computing returns...
2026-03-17 14:45:40 [INFO] src.processing.build_prices_panel: Prices panel built: 552 dates x 8 tickers (2024-01-02 to 2026-03-16)
2026-03-17 14:45:40 [INFO] src.processing.returns: Computed simple returns: 551 days x 8 tickers
2026-03-17 14:45:40 [INFO] src.processing.positions: Market values computed for 8 tickers over 552 days
2026-03-17 14:45:40 [INFO] src.processing.returns: Portfolio returns computed: 551 days, mean daily return = 0.0008
2026-03-17 14:45:40 [INFO] src.pipelines.run_pipeline:   -> Portfolio returns: 551 days, total return = 50.12%
2026-03-17 14:45:40 [INFO] src.pipelines.run_pipeline: [7/10] Computing performance metrics...
2026-03-17 14:45:40 [INFO] src.analytics.performance: Performance: cum_return=50.12%, ann_return=20.42%, sharpe=1.08, max_dd=-15.10%
2026-03-17 14:45:40 [INFO] src.pipelines.run_pipeline: [8/10] Computing risk metrics...
2026-03-17 14:45:40 [DEBUG] src.analytics.risk: Historical VaR(95%, 1d): 0.0117 (1.17% of portfolio)
2026-03-17 14:45:40 [DEBUG] src.analytics.risk: Historical CVaR(95%): 0.0191
2026-03-17 14:45:40 [INFO] src.analytics.risk: Risk: ann_vol=13.58%, max_dd=-15.10%, VaR95=1.17%, CVaR95=1.91%
2026-03-17 14:45:40 [INFO] src.pipelines.run_pipeline: [9/10] Running Fama-French factor regression...
2026-03-17 14:45:40 [INFO] src.analytics.factor_model: Factor model: alpha=2.48%/yr, beta_mkt=0.754, SMB=-0.141, HML=-0.053, R^2=0.782
2026-03-17 14:45:40 [INFO] src.pipelines.run_pipeline:   -> Style: Defensive all-cap blend portfolio (beta=0.75, alpha=2.48%/yr, R^2=78%)
2026-03-17 14:45:40 [INFO] src.pipelines.run_pipeline: [10/10] Generating charts and report...
2026-03-17 14:45:40 [INFO] src.reporting.charts: Generating charts...
2026-03-17 14:45:40 [INFO] src.reporting.charts: Chart saved: C:\Users\dipes\Desktop\Projects\portfolio-analytics-reporting\artifacts\figures\cumulative_returns.png
2026-03-17 14:45:40 [INFO] src.reporting.charts: Chart saved: C:\Users\dipes\Desktop\Projects\portfolio-analytics-reporting\artifacts\figures\drawdown.png
2026-03-17 14:45:41 [INFO] src.reporting.charts: Chart saved: C:\Users\dipes\Desktop\Projects\portfolio-analytics-reporting\artifacts\figures\rolling_volatility.png
2026-03-17 14:45:41 [INFO] src.reporting.charts: Chart saved: C:\Users\dipes\Desktop\Projects\portfolio-analytics-reporting\artifacts\figures\monthly_returns_heatmap.png
2026-03-17 14:45:41 [DEBUG] src.analytics.risk: Historical VaR(95%, 1d): 0.0117 (1.17% of portfolio)
2026-03-17 14:45:41 [DEBUG] src.analytics.risk: Historical CVaR(95%): 0.0191
2026-03-17 14:45:41 [INFO] src.reporting.charts: Chart saved: C:\Users\dipes\Desktop\Projects\portfolio-analytics-reporting\artifacts\figures\return_distribution.png
2026-03-17 14:45:41 [INFO] src.reporting.charts: Chart saved: C:\Users\dipes\Desktop\Projects\portfolio-analytics-reporting\artifacts\figures\factor_loadings.png
2026-03-17 14:45:41 [INFO] src.reporting.charts: Chart saved: C:\Users\dipes\Desktop\Projects\portfolio-analytics-reporting\artifacts\figures\sector_weights.png
2026-03-17 14:45:41 [INFO] src.reporting.charts: Generated 7 charts
2026-03-17 14:45:41 [INFO] src.reporting.generate_report: HTML report generated: C:\Users\dipes\Desktop\Projects\portfolio-analytics-reporting\artifacts\reports\portfolio_report_2026-03-17.html
2026-03-17 14:45:41 [INFO] src.pipelines.run_pipeline: 
2026-03-17 14:45:41 [INFO] src.pipelines.run_pipeline: ============================================================
2026-03-17 14:45:41 [INFO] src.pipelines.run_pipeline: PIPELINE COMPLETE
2026-03-17 14:45:41 [INFO] src.pipelines.run_pipeline: ============================================================
2026-03-17 14:45:41 [INFO] src.pipelines.run_pipeline:   Cumulative return : 50.12%
2026-03-17 14:45:41 [INFO] src.pipelines.run_pipeline:   Annualized return : 20.42%
2026-03-17 14:45:41 [INFO] src.pipelines.run_pipeline:   Sharpe ratio      : 1.08
2026-03-17 14:45:41 [INFO] src.pipelines.run_pipeline:   Max drawdown      : -15.10%
2026-03-17 14:45:41 [INFO] src.pipelines.run_pipeline:   VaR 95% (1d)      : 1.17%
2026-03-17 14:45:41 [INFO] src.pipelines.run_pipeline:   Factor beta (mkt) : 0.754
2026-03-17 14:45:41 [INFO] src.pipelines.run_pipeline:   Factor R^2        : 0.782
2026-03-17 14:45:41 [INFO] src.pipelines.run_pipeline:   Report            : C:\Users\dipes\Desktop\Projects\portfolio-analytics-reporting\artifacts\reports\portfolio_report_2026-03-17.html
2026-03-17 14:45:41 [INFO] src.pipelines.run_pipeline:   Charts            : 7 saved to artifacts/figures/
2026-03-17 14:45:41 [INFO] src.pipelines.run_pipeline: 
2026-03-17 14:45:41 [WARNING] Comm: No such comm: d573f63ef11d48c09086b3e2616d3e08
2026-03-17 14:45:41 [WARNING] Comm: No such comm: db813db4e1ca4cc39721903eee0e55c7
2026-03-17 14:45:41 [WARNING] Comm: No such comm: 2dfd677adb6541ef996bea70513a3d06
2026-03-17 14:45:41 [WARNING] Comm: No such comm: 94a64377124446c78dc3eb79531a76f3
2026-03-17 14:45:41 [WARNING] Comm: No such comm: 0ef7495b7f1d4e92b67ac88477154813
2026-03-17 14:45:41 [WARNING] Comm: No such comm: f0f1683779d849fc805008bee5de45df
2026-03-17 14:45:41 [WARNING] Comm: No such comm: b759a367c3a34fedb68f27fbb1ea2dfb
2026-03-17 14:46:13 [INFO] src.pipelines.run_pipeline: ============================================================
2026-03-17 14:46:13 [INFO] src.pipelines.run_pipeline: PORTFOLIO ANALYTICS PIPELINE - 2026-03-17
2026-03-17 14:46:13 [INFO] src.pipelines.run_pipeline: ============================================================
2026-03-17 14:46:13 [INFO] src.pipelines.run_pipeline: [1/10] Loading holdings...
2026-03-17 14:46:13 [INFO] src.ingestion.load_holdings: Loading holdings from C:\Users\dipes\Desktop\Projects\portfolio-analytics-reporting\data\samples\portfolio_holdings.csv
2026-03-17 14:46:13 [INFO] src.ingestion.load_holdings: Loaded 8 holdings rows for 8 tickers
2026-03-17 14:46:13 [DEBUG] src.ingestion.load_holdings: Tickers: ['AAPL', 'AGG', 'GLD', 'IEFA', 'JNJ', 'MSFT', 'SPY', 'XOM']
2026-03-17 14:46:13 [INFO] src.pipelines.run_pipeline:   -> 8 rows, 8 tickers: ['AAPL', 'AGG', 'GLD', 'IEFA', 'JNJ', 'MSFT', 'SPY', 'XOM']
2026-03-17 14:46:13 [INFO] src.pipelines.run_pipeline: [2/10] Fetching prices from Yahoo Finance...
2026-03-17 14:46:13 [INFO] src.ingestion.fetch_prices: Fetching prices for 8 tickers: ['AAPL', 'AGG', 'GLD', 'IEFA', 'JNJ', 'MSFT', 'SPY', 'XOM']
2026-03-17 14:46:13 [INFO] src.ingestion.fetch_prices: Date range: 2024-01-01 to 2026-03-17
2026-03-17 14:46:13 [DEBUG] src.ingestion.fetch_prices: AAPL: 552 rows from 2024-01-02 to 2026-03-16
2026-03-17 14:46:13 [DEBUG] src.ingestion.fetch_prices: AGG: 552 rows from 2024-01-02 to 2026-03-16
2026-03-17 14:46:13 [DEBUG] src.ingestion.fetch_prices: GLD: 552 rows from 2024-01-02 to 2026-03-16
2026-03-17 14:46:13 [DEBUG] src.ingestion.fetch_prices: IEFA: 552 rows from 2024-01-02 to 2026-03-16
2026-03-17 14:46:13 [DEBUG] src.ingestion.fetch_prices: JNJ: 552 rows from 2024-01-02 to 2026-03-16
2026-03-17 14:46:13 [DEBUG] src.ingestion.fetch_prices: MSFT: 552 rows from 2024-01-02 to 2026-03-16
2026-03-17 14:46:13 [DEBUG] src.ingestion.fetch_prices: SPY: 552 rows from 2024-01-02 to 2026-03-16
2026-03-17 14:46:13 [DEBUG] src.ingestion.fetch_prices: XOM: 552 rows from 2024-01-02 to 2026-03-16
2026-03-17 14:46:13 [INFO] src.ingestion.fetch_prices: Raw prices saved to C:\Users\dipes\Desktop\Projects\portfolio-analytics-reporting\data\raw\prices_raw.parquet
2026-03-17 14:46:13 [INFO] src.ingestion.fetch_prices: Fetched 4416 price rows for 8 tickers
2026-03-17 14:46:13 [INFO] src.pipelines.run_pipeline: [3/10] Fetching Fama-French factors...
2026-03-17 14:46:13 [INFO] src.ingestion.fetch_factors: Fetching Fama-French daily factors from Kenneth French Data Library
2026-03-17 14:46:16 [INFO] src.ingestion.fetch_factors: Raw factors saved to C:\Users\dipes\Desktop\Projects\portfolio-analytics-reporting\data\raw\factors_ff_daily.parquet
2026-03-17 14:46:16 [INFO] src.ingestion.fetch_factors: Loaded 522 factor rows from 2024-01-02 to 2026-01-30
2026-03-17 14:46:16 [INFO] src.pipelines.run_pipeline: [4/10] Validating data...
2026-03-17 14:46:16 [INFO] src.validation.data_checks: Validation: PASSED
2026-03-17 14:46:16 [INFO] src.validation.data_checks: Validation: PASSED
2026-03-17 14:46:16 [INFO] src.validation.data_checks: Validation: PASSED
2026-03-17 14:46:16 [INFO] src.pipelines.run_pipeline: [5/10] Skipping warehouse (--no-warehouse)
2026-03-17 14:46:16 [INFO] src.pipelines.run_pipeline: [6/10] Building prices panel + computing returns...
2026-03-17 14:46:16 [INFO] src.processing.build_prices_panel: Prices panel built: 552 dates x 8 tickers (2024-01-02 to 2026-03-16)
2026-03-17 14:46:16 [INFO] src.processing.returns: Computed simple returns: 551 days x 8 tickers
2026-03-17 14:46:16 [INFO] src.processing.positions: Market values computed for 8 tickers over 552 days
2026-03-17 14:46:16 [INFO] src.processing.returns: Portfolio returns computed: 551 days, mean daily return = 0.0008
2026-03-17 14:46:16 [INFO] src.pipelines.run_pipeline:   -> Portfolio returns: 551 days, total return = 50.12%
2026-03-17 14:46:16 [INFO] src.pipelines.run_pipeline: [7/10] Computing performance metrics...
2026-03-17 14:46:16 [INFO] src.analytics.performance: Performance: cum_return=50.12%, ann_return=20.42%, sharpe=1.08, max_dd=-15.10%
2026-03-17 14:46:16 [INFO] src.pipelines.run_pipeline: [8/10] Computing risk metrics...
2026-03-17 14:46:16 [DEBUG] src.analytics.risk: Historical VaR(95%, 1d): 0.0117 (1.17% of portfolio)
2026-03-17 14:46:16 [DEBUG] src.analytics.risk: Historical CVaR(95%): 0.0191
2026-03-17 14:46:16 [INFO] src.analytics.risk: Risk: ann_vol=13.58%, max_dd=-15.10%, VaR95=1.17%, CVaR95=1.91%
2026-03-17 14:46:16 [INFO] src.pipelines.run_pipeline: [9/10] Running Fama-French factor regression...
2026-03-17 14:46:16 [INFO] src.analytics.factor_model: Factor model: alpha=2.48%/yr, beta_mkt=0.754, SMB=-0.141, HML=-0.053, R^2=0.782
2026-03-17 14:46:16 [INFO] src.pipelines.run_pipeline:   -> Style: Defensive all-cap blend portfolio (beta=0.75, alpha=2.48%/yr, R^2=78%)
2026-03-17 14:46:16 [INFO] src.pipelines.run_pipeline: [10/10] Generating charts and report...
2026-03-17 14:46:16 [INFO] src.reporting.charts: Generating charts...
2026-03-17 14:46:16 [INFO] src.reporting.charts: Chart saved: C:\Users\dipes\Desktop\Projects\portfolio-analytics-reporting\artifacts\figures\cumulative_returns.png
2026-03-17 14:46:16 [INFO] src.reporting.charts: Chart saved: C:\Users\dipes\Desktop\Projects\portfolio-analytics-reporting\artifacts\figures\drawdown.png
2026-03-17 14:46:16 [INFO] src.reporting.charts: Chart saved: C:\Users\dipes\Desktop\Projects\portfolio-analytics-reporting\artifacts\figures\rolling_volatility.png
2026-03-17 14:46:16 [INFO] src.reporting.charts: Chart saved: C:\Users\dipes\Desktop\Projects\portfolio-analytics-reporting\artifacts\figures\monthly_returns_heatmap.png
2026-03-17 14:46:16 [DEBUG] src.analytics.risk: Historical VaR(95%, 1d): 0.0117 (1.17% of portfolio)
2026-03-17 14:46:16 [DEBUG] src.analytics.risk: Historical CVaR(95%): 0.0191
2026-03-17 14:46:17 [INFO] src.reporting.charts: Chart saved: C:\Users\dipes\Desktop\Projects\portfolio-analytics-reporting\artifacts\figures\return_distribution.png
2026-03-17 14:46:17 [INFO] src.reporting.charts: Chart saved: C:\Users\dipes\Desktop\Projects\portfolio-analytics-reporting\artifacts\figures\factor_loadings.png
2026-03-17 14:46:17 [INFO] src.reporting.charts: Chart saved: C:\Users\dipes\Desktop\Projects\portfolio-analytics-reporting\artifacts\figures\sector_weights.png
2026-03-17 14:46:17 [INFO] src.reporting.charts: Generated 7 charts
2026-03-17 14:46:17 [INFO] src.reporting.generate_report: HTML report generated: C:\Users\dipes\Desktop\Projects\portfolio-analytics-reporting\artifacts\reports\portfolio_report_2026-03-17.html
2026-03-17 14:46:17 [INFO] src.pipelines.run_pipeline: 
2026-03-17 14:46:17 [INFO] src.pipelines.run_pipeline: ============================================================
2026-03-17 14:46:17 [INFO] src.pipelines.run_pipeline: PIPELINE COMPLETE
2026-03-17 14:46:17 [INFO] src.pipelines.run_pipeline: ============================================================
2026-03-17 14:46:17 [INFO] src.pipelines.run_pipeline:   Cumulative return : 50.12%
2026-03-17 14:46:17 [INFO] src.pipelines.run_pipeline:   Annualized return : 20.42%
2026-03-17 14:46:17 [INFO] src.pipelines.run_pipeline:   Sharpe ratio      : 1.08
2026-03-17 14:46:17 [INFO] src.pipelines.run_pipeline:   Max drawdown      : -15.10%
2026-03-17 14:46:17 [INFO] src.pipelines.run_pipeline:   VaR 95% (1d)      : 1.17%
2026-03-17 14:46:17 [INFO] src.pipelines.run_pipeline:   Factor beta (mkt) : 0.754
2026-03-17 14:46:17 [INFO] src.pipelines.run_pipeline:   Factor R^2        : 0.782
2026-03-17 14:46:17 [INFO] src.pipelines.run_pipeline:   Report            : C:\Users\dipes\Desktop\Projects\portfolio-analytics-reporting\artifacts\reports\portfolio_report_2026-03-17.html
2026-03-17 14:46:17 [INFO] src.pipelines.run_pipeline:   Charts            : 7 saved to artifacts/figures/
2026-03-17 14:46:17 [INFO] src.pipelines.run_pipeline: 
2026-03-17 14:48:39 [INFO] src.pipelines.run_pipeline: ============================================================
2026-03-17 14:48:39 [INFO] src.pipelines.run_pipeline: PORTFOLIO ANALYTICS PIPELINE - 2026-03-17
2026-03-17 14:48:39 [INFO] src.pipelines.run_pipeline: ============================================================
2026-03-17 14:48:39 [INFO] src.pipelines.run_pipeline: [1/10] Loading holdings...
2026-03-17 14:48:39 [INFO] src.ingestion.load_holdings: Loading holdings from C:\Users\dipes\Desktop\Projects\portfolio-analytics-reporting\data\samples\portfolio_holdings.csv
2026-03-17 14:48:39 [INFO] src.ingestion.load_holdings: Loaded 8 holdings rows for 8 tickers
2026-03-17 14:48:39 [DEBUG] src.ingestion.load_holdings: Tickers: ['AAPL', 'AGG', 'GLD', 'IEFA', 'JNJ', 'MSFT', 'SPY', 'XOM']
2026-03-17 14:48:39 [INFO] src.pipelines.run_pipeline:   -> 8 rows, 8 tickers: ['AAPL', 'AGG', 'GLD', 'IEFA', 'JNJ', 'MSFT', 'SPY', 'XOM']
2026-03-17 14:48:39 [INFO] src.pipelines.run_pipeline: [2/10] Fetching prices from Yahoo Finance...
2026-03-17 14:48:39 [INFO] src.ingestion.fetch_prices: Fetching prices for 8 tickers: ['AAPL', 'AGG', 'GLD', 'IEFA', 'JNJ', 'MSFT', 'SPY', 'XOM']
2026-03-17 14:48:39 [INFO] src.ingestion.fetch_prices: Date range: 2024-01-01 to 2026-03-17
2026-03-17 14:48:40 [DEBUG] src.ingestion.fetch_prices: AAPL: 552 rows from 2024-01-02 to 2026-03-16
2026-03-17 14:48:40 [DEBUG] src.ingestion.fetch_prices: AGG: 552 rows from 2024-01-02 to 2026-03-16
2026-03-17 14:48:40 [DEBUG] src.ingestion.fetch_prices: GLD: 552 rows from 2024-01-02 to 2026-03-16
2026-03-17 14:48:40 [DEBUG] src.ingestion.fetch_prices: IEFA: 552 rows from 2024-01-02 to 2026-03-16
2026-03-17 14:48:41 [DEBUG] src.ingestion.fetch_prices: JNJ: 552 rows from 2024-01-02 to 2026-03-16
2026-03-17 14:48:41 [DEBUG] src.ingestion.fetch_prices: MSFT: 552 rows from 2024-01-02 to 2026-03-16
2026-03-17 14:48:41 [DEBUG] src.ingestion.fetch_prices: SPY: 552 rows from 2024-01-02 to 2026-03-16
2026-03-17 14:48:41 [DEBUG] src.ingestion.fetch_prices: XOM: 552 rows from 2024-01-02 to 2026-03-16
2026-03-17 14:48:41 [INFO] src.ingestion.fetch_prices: Raw prices saved to C:\Users\dipes\Desktop\Projects\portfolio-analytics-reporting\data\raw\prices_raw.parquet
2026-03-17 14:48:41 [INFO] src.ingestion.fetch_prices: Fetched 4416 price rows for 8 tickers
2026-03-17 14:48:41 [INFO] src.pipelines.run_pipeline: [3/10] Fetching Fama-French factors...
2026-03-17 14:48:41 [INFO] src.ingestion.fetch_factors: Fetching Fama-French daily factors from Kenneth French Data Library
2026-03-17 14:48:43 [INFO] src.ingestion.fetch_factors: Raw factors saved to C:\Users\dipes\Desktop\Projects\portfolio-analytics-reporting\data\raw\factors_ff_daily.parquet
2026-03-17 14:48:43 [INFO] src.ingestion.fetch_factors: Loaded 522 factor rows from 2024-01-02 to 2026-01-30
2026-03-17 14:48:43 [INFO] src.pipelines.run_pipeline: [4/10] Validating data...
2026-03-17 14:48:43 [INFO] src.validation.data_checks: Validation: PASSED
2026-03-17 14:48:43 [INFO] src.validation.data_checks: Validation: PASSED
2026-03-17 14:48:43 [INFO] src.validation.data_checks: Validation: PASSED
2026-03-17 14:48:43 [INFO] src.pipelines.run_pipeline: [5/10] Skipping warehouse (--no-warehouse)
2026-03-17 14:48:43 [INFO] src.pipelines.run_pipeline: [6/10] Building prices panel + computing returns...
2026-03-17 14:48:43 [INFO] src.processing.build_prices_panel: Prices panel built: 552 dates x 8 tickers (2024-01-02 to 2026-03-16)
2026-03-17 14:48:43 [INFO] src.processing.returns: Computed simple returns: 551 days x 8 tickers
2026-03-17 14:48:43 [INFO] src.processing.positions: Market values computed for 8 tickers over 552 days
2026-03-17 14:48:43 [INFO] src.processing.returns: Portfolio returns computed: 551 days, mean daily return = 0.0008
2026-03-17 14:48:43 [INFO] src.pipelines.run_pipeline:   -> Portfolio returns: 551 days, total return = 50.12%
2026-03-17 14:48:43 [INFO] src.pipelines.run_pipeline: [7/10] Computing performance metrics...
2026-03-17 14:48:43 [INFO] src.analytics.performance: Performance: cum_return=50.12%, ann_return=20.42%, sharpe=1.08, max_dd=-15.10%
2026-03-17 14:48:43 [INFO] src.pipelines.run_pipeline: [8/10] Computing risk metrics...
2026-03-17 14:48:43 [DEBUG] src.analytics.risk: Historical VaR(95%, 1d): 0.0117 (1.17% of portfolio)
2026-03-17 14:48:43 [DEBUG] src.analytics.risk: Historical CVaR(95%): 0.0191
2026-03-17 14:48:43 [INFO] src.analytics.risk: Risk: ann_vol=13.58%, max_dd=-15.10%, VaR95=1.17%, CVaR95=1.91%
2026-03-17 14:48:43 [INFO] src.pipelines.run_pipeline: [9/10] Running Fama-French factor regression...
2026-03-17 14:48:43 [INFO] src.analytics.factor_model: Factor model: alpha=2.48%/yr, beta_mkt=0.754, SMB=-0.141, HML=-0.053, R^2=0.782
2026-03-17 14:48:43 [INFO] src.pipelines.run_pipeline:   -> Style: Defensive all-cap blend portfolio (beta=0.75, alpha=2.48%/yr, R^2=78%)
2026-03-17 14:48:43 [INFO] src.pipelines.run_pipeline: [10/10] Generating charts and report...
2026-03-17 14:48:43 [INFO] src.reporting.charts: Generating charts...
2026-03-17 14:48:44 [INFO] src.reporting.charts: Chart saved: C:\Users\dipes\Desktop\Projects\portfolio-analytics-reporting\artifacts\figures\cumulative_returns.png
2026-03-17 14:48:44 [INFO] src.reporting.charts: Chart saved: C:\Users\dipes\Desktop\Projects\portfolio-analytics-reporting\artifacts\figures\drawdown.png
2026-03-17 14:48:44 [INFO] src.reporting.charts: Chart saved: C:\Users\dipes\Desktop\Projects\portfolio-analytics-reporting\artifacts\figures\rolling_volatility.png
2026-03-17 14:48:44 [INFO] src.reporting.charts: Chart saved: C:\Users\dipes\Desktop\Projects\portfolio-analytics-reporting\artifacts\figures\monthly_returns_heatmap.png
2026-03-17 14:48:44 [DEBUG] src.analytics.risk: Historical VaR(95%, 1d): 0.0117 (1.17% of portfolio)
2026-03-17 14:48:44 [DEBUG] src.analytics.risk: Historical CVaR(95%): 0.0191
2026-03-17 14:48:44 [INFO] src.reporting.charts: Chart saved: C:\Users\dipes\Desktop\Projects\portfolio-analytics-reporting\artifacts\figures\return_distribution.png
2026-03-17 14:48:44 [INFO] src.reporting.charts: Chart saved: C:\Users\dipes\Desktop\Projects\portfolio-analytics-reporting\artifacts\figures\factor_loadings.png
2026-03-17 14:48:44 [INFO] src.reporting.charts: Chart saved: C:\Users\dipes\Desktop\Projects\portfolio-analytics-reporting\artifacts\figures\sector_weights.png
2026-03-17 14:48:44 [INFO] src.reporting.charts: Generated 7 charts
2026-03-17 14:48:44 [INFO] src.reporting.generate_report: HTML report generated: C:\Users\dipes\Desktop\Projects\portfolio-analytics-reporting\artifacts\reports\portfolio_report_2026-03-17.html
2026-03-17 14:48:44 [INFO] src.pipelines.run_pipeline: 
2026-03-17 14:48:44 [INFO] src.pipelines.run_pipeline: ============================================================
2026-03-17 14:48:44 [INFO] src.pipelines.run_pipeline: PIPELINE COMPLETE
2026-03-17 14:48:44 [INFO] src.pipelines.run_pipeline: ============================================================
2026-03-17 14:48:44 [INFO] src.pipelines.run_pipeline:   Cumulative return : 50.12%
2026-03-17 14:48:44 [INFO] src.pipelines.run_pipeline:   Annualized return : 20.42%
2026-03-17 14:48:44 [INFO] src.pipelines.run_pipeline:   Sharpe ratio      : 1.08
2026-03-17 14:48:44 [INFO] src.pipelines.run_pipeline:   Max drawdown      : -15.10%
2026-03-17 14:48:44 [INFO] src.pipelines.run_pipeline:   VaR 95% (1d)      : 1.17%
2026-03-17 14:48:44 [INFO] src.pipelines.run_pipeline:   Factor beta (mkt) : 0.754
2026-03-17 14:48:44 [INFO] src.pipelines.run_pipeline:   Factor R^2        : 0.782
2026-03-17 14:48:44 [INFO] src.pipelines.run_pipeline:   Report            : C:\Users\dipes\Desktop\Projects\portfolio-analytics-reporting\artifacts\reports\portfolio_report_2026-03-17.html
2026-03-17 14:48:44 [INFO] src.pipelines.run_pipeline:   Charts            : 7 saved to artifacts/figures/
2026-03-17 14:48:44 [INFO] src.pipelines.run_pipeline: 
2026-03-17 14:50:18 [INFO] src.pipelines.run_pipeline: ============================================================
2026-03-17 14:50:18 [INFO] src.pipelines.run_pipeline: PORTFOLIO ANALYTICS PIPELINE - 2026-03-17
2026-03-17 14:50:18 [INFO] src.pipelines.run_pipeline: ============================================================
2026-03-17 14:50:18 [INFO] src.pipelines.run_pipeline: [1/10] Loading holdings...
2026-03-17 14:50:18 [INFO] src.ingestion.load_holdings: Loading holdings from C:\Users\dipes\Desktop\Projects\portfolio-analytics-reporting\data\samples\portfolio_holdings.csv
2026-03-17 14:50:18 [INFO] src.ingestion.load_holdings: Loaded 8 holdings rows for 8 tickers
2026-03-17 14:50:18 [DEBUG] src.ingestion.load_holdings: Tickers: ['AAPL', 'AGG', 'GLD', 'IEFA', 'JNJ', 'MSFT', 'SPY', 'XOM']
2026-03-17 14:50:18 [INFO] src.pipelines.run_pipeline:   -> 8 rows, 8 tickers: ['AAPL', 'AGG', 'GLD', 'IEFA', 'JNJ', 'MSFT', 'SPY', 'XOM']
2026-03-17 14:50:18 [INFO] src.pipelines.run_pipeline: [2/10] Fetching prices from Yahoo Finance...
2026-03-17 14:50:18 [INFO] src.ingestion.fetch_prices: Fetching prices for 8 tickers: ['AAPL', 'AGG', 'GLD', 'IEFA', 'JNJ', 'MSFT', 'SPY', 'XOM']
2026-03-17 14:50:18 [INFO] src.ingestion.fetch_prices: Date range: 2024-01-01 to 2026-03-17
2026-03-17 14:50:18 [DEBUG] src.ingestion.fetch_prices: AAPL: 552 rows from 2024-01-02 to 2026-03-16
2026-03-17 14:50:18 [DEBUG] src.ingestion.fetch_prices: AGG: 552 rows from 2024-01-02 to 2026-03-16
2026-03-17 14:50:18 [DEBUG] src.ingestion.fetch_prices: GLD: 552 rows from 2024-01-02 to 2026-03-16
2026-03-17 14:50:18 [DEBUG] src.ingestion.fetch_prices: IEFA: 552 rows from 2024-01-02 to 2026-03-16
2026-03-17 14:50:18 [DEBUG] src.ingestion.fetch_prices: JNJ: 552 rows from 2024-01-02 to 2026-03-16
2026-03-17 14:50:18 [DEBUG] src.ingestion.fetch_prices: MSFT: 552 rows from 2024-01-02 to 2026-03-16
2026-03-17 14:50:18 [DEBUG] src.ingestion.fetch_prices: SPY: 552 rows from 2024-01-02 to 2026-03-16
2026-03-17 14:50:18 [DEBUG] src.ingestion.fetch_prices: XOM: 552 rows from 2024-01-02 to 2026-03-16
2026-03-17 14:50:18 [INFO] src.ingestion.fetch_prices: Raw prices saved to C:\Users\dipes\Desktop\Projects\portfolio-analytics-reporting\data\raw\prices_raw.parquet
2026-03-17 14:50:18 [INFO] src.ingestion.fetch_prices: Fetched 4416 price rows for 8 tickers
2026-03-17 14:50:18 [INFO] src.pipelines.run_pipeline: [3/10] Fetching Fama-French factors...
2026-03-17 14:50:18 [INFO] src.ingestion.fetch_factors: Fetching Fama-French daily factors from Kenneth French Data Library
2026-03-17 14:50:20 [INFO] src.ingestion.fetch_factors: Raw factors saved to C:\Users\dipes\Desktop\Projects\portfolio-analytics-reporting\data\raw\factors_ff_daily.parquet
2026-03-17 14:50:20 [INFO] src.ingestion.fetch_factors: Loaded 522 factor rows from 2024-01-02 to 2026-01-30
2026-03-17 14:50:20 [INFO] src.pipelines.run_pipeline: [4/10] Validating data...
2026-03-17 14:50:20 [INFO] src.validation.data_checks: Validation: PASSED
2026-03-17 14:50:20 [INFO] src.validation.data_checks: Validation: PASSED
2026-03-17 14:50:20 [INFO] src.validation.data_checks: Validation: PASSED
2026-03-17 14:50:20 [INFO] src.pipelines.run_pipeline: [5/10] Skipping warehouse (--no-warehouse)
2026-03-17 14:50:20 [INFO] src.pipelines.run_pipeline: [6/10] Building prices panel + computing returns...
2026-03-17 14:50:20 [INFO] src.processing.build_prices_panel: Prices panel built: 552 dates x 8 tickers (2024-01-02 to 2026-03-16)
2026-03-17 14:50:20 [INFO] src.processing.returns: Computed simple returns: 551 days x 8 tickers
2026-03-17 14:50:20 [INFO] src.processing.positions: Market values computed for 8 tickers over 552 days
2026-03-17 14:50:20 [INFO] src.processing.returns: Portfolio returns computed: 551 days, mean daily return = 0.0008
2026-03-17 14:50:20 [INFO] src.pipelines.run_pipeline:   -> Portfolio returns: 551 days, total return = 50.12%
2026-03-17 14:50:20 [INFO] src.pipelines.run_pipeline: [7/10] Computing performance metrics...
2026-03-17 14:50:20 [INFO] src.analytics.performance: Performance: cum_return=50.12%, ann_return=20.42%, sharpe=1.08, max_dd=-15.10%
2026-03-17 14:50:20 [INFO] src.pipelines.run_pipeline: [8/10] Computing risk metrics...
2026-03-17 14:50:20 [DEBUG] src.analytics.risk: Historical VaR(95%, 1d): 0.0117 (1.17% of portfolio)
2026-03-17 14:50:20 [DEBUG] src.analytics.risk: Historical CVaR(95%): 0.0191
2026-03-17 14:50:20 [INFO] src.analytics.risk: Risk: ann_vol=13.58%, max_dd=-15.10%, VaR95=1.17%, CVaR95=1.91%
2026-03-17 14:50:20 [INFO] src.pipelines.run_pipeline: [9/10] Running Fama-French factor regression...
2026-03-17 14:50:20 [INFO] src.analytics.factor_model: Factor model: alpha=2.48%/yr, beta_mkt=0.754, SMB=-0.141, HML=-0.053, R^2=0.782
2026-03-17 14:50:20 [INFO] src.pipelines.run_pipeline:   -> Style: Defensive all-cap blend portfolio (beta=0.75, alpha=2.48%/yr, R^2=78%)
2026-03-17 14:50:20 [INFO] src.pipelines.run_pipeline: [10/10] Generating charts and report...
2026-03-17 14:50:20 [INFO] src.reporting.charts: Generating charts...
2026-03-17 14:50:20 [INFO] src.reporting.charts: Chart saved: C:\Users\dipes\Desktop\Projects\portfolio-analytics-reporting\artifacts\figures\cumulative_returns.png
2026-03-17 14:50:20 [INFO] src.reporting.charts: Chart saved: C:\Users\dipes\Desktop\Projects\portfolio-analytics-reporting\artifacts\figures\drawdown.png
2026-03-17 14:50:20 [INFO] src.reporting.charts: Chart saved: C:\Users\dipes\Desktop\Projects\portfolio-analytics-reporting\artifacts\figures\rolling_volatility.png
2026-03-17 14:50:21 [INFO] src.reporting.charts: Chart saved: C:\Users\dipes\Desktop\Projects\portfolio-analytics-reporting\artifacts\figures\monthly_returns_heatmap.png
2026-03-17 14:50:21 [DEBUG] src.analytics.risk: Historical VaR(95%, 1d): 0.0117 (1.17% of portfolio)
2026-03-17 14:50:21 [DEBUG] src.analytics.risk: Historical CVaR(95%): 0.0191
2026-03-17 14:50:21 [INFO] src.reporting.charts: Chart saved: C:\Users\dipes\Desktop\Projects\portfolio-analytics-reporting\artifacts\figures\return_distribution.png
2026-03-17 14:50:21 [INFO] src.reporting.charts: Chart saved: C:\Users\dipes\Desktop\Projects\portfolio-analytics-reporting\artifacts\figures\factor_loadings.png
2026-03-17 14:50:21 [INFO] src.reporting.charts: Chart saved: C:\Users\dipes\Desktop\Projects\portfolio-analytics-reporting\artifacts\figures\sector_weights.png
2026-03-17 14:50:21 [INFO] src.reporting.charts: Generated 7 charts
2026-03-17 14:50:21 [INFO] src.reporting.generate_report: HTML report generated: C:\Users\dipes\Desktop\Projects\portfolio-analytics-reporting\artifacts\reports\portfolio_report_2026-03-17.html
2026-03-17 14:50:21 [INFO] src.pipelines.run_pipeline: 
2026-03-17 14:50:21 [INFO] src.pipelines.run_pipeline: ============================================================
2026-03-17 14:50:21 [INFO] src.pipelines.run_pipeline: PIPELINE COMPLETE
2026-03-17 14:50:21 [INFO] src.pipelines.run_pipeline: ============================================================
2026-03-17 14:50:21 [INFO] src.pipelines.run_pipeline:   Cumulative return : 50.12%
2026-03-17 14:50:21 [INFO] src.pipelines.run_pipeline:   Annualized return : 20.42%
2026-03-17 14:50:21 [INFO] src.pipelines.run_pipeline:   Sharpe ratio      : 1.08
2026-03-17 14:50:21 [INFO] src.pipelines.run_pipeline:   Max drawdown      : -15.10%
2026-03-17 14:50:21 [INFO] src.pipelines.run_pipeline:   VaR 95% (1d)      : 1.17%
2026-03-17 14:50:21 [INFO] src.pipelines.run_pipeline:   Factor beta (mkt) : 0.754
2026-03-17 14:50:21 [INFO] src.pipelines.run_pipeline:   Factor R^2        : 0.782
2026-03-17 14:50:21 [INFO] src.pipelines.run_pipeline:   Report            : C:\Users\dipes\Desktop\Projects\portfolio-analytics-reporting\artifacts\reports\portfolio_report_2026-03-17.html
2026-03-17 14:50:21 [INFO] src.pipelines.run_pipeline:   Charts            : 7 saved to artifacts/figures/
2026-03-17 14:50:21 [INFO] src.pipelines.run_pipeline: 
2026-03-17 14:53:02 [INFO] src.pipelines.run_pipeline: ============================================================
2026-03-17 14:53:02 [INFO] src.pipelines.run_pipeline: PORTFOLIO ANALYTICS PIPELINE - 2026-03-17
2026-03-17 14:53:02 [INFO] src.pipelines.run_pipeline: ============================================================
2026-03-17 14:53:02 [INFO] src.pipelines.run_pipeline: [1/10] Loading holdings...
2026-03-17 14:53:02 [INFO] src.ingestion.load_holdings: Loading holdings from C:\Users\dipes\Desktop\Projects\portfolio-analytics-reporting\data\samples\portfolio_holdings.csv
2026-03-17 14:53:02 [INFO] src.ingestion.load_holdings: Loaded 8 holdings rows for 8 tickers
2026-03-17 14:53:02 [DEBUG] src.ingestion.load_holdings: Tickers: ['AAPL', 'AGG', 'GLD', 'IEFA', 'JNJ', 'MSFT', 'SPY', 'XOM']
2026-03-17 14:53:02 [INFO] src.pipelines.run_pipeline:   -> 8 rows, 8 tickers: ['AAPL', 'AGG', 'GLD', 'IEFA', 'JNJ', 'MSFT', 'SPY', 'XOM']
2026-03-17 14:53:02 [INFO] src.pipelines.run_pipeline: [2/10] Fetching prices from Yahoo Finance...
2026-03-17 14:53:02 [INFO] src.ingestion.fetch_prices: Fetching prices for 8 tickers: ['AAPL', 'AGG', 'GLD', 'IEFA', 'JNJ', 'MSFT', 'SPY', 'XOM']
2026-03-17 14:53:02 [INFO] src.ingestion.fetch_prices: Date range: 2024-01-01 to 2026-03-17
2026-03-17 14:53:03 [DEBUG] src.ingestion.fetch_prices: AAPL: 552 rows from 2024-01-02 to 2026-03-16
2026-03-17 14:53:03 [DEBUG] src.ingestion.fetch_prices: AGG: 552 rows from 2024-01-02 to 2026-03-16
2026-03-17 14:53:04 [DEBUG] src.ingestion.fetch_prices: GLD: 552 rows from 2024-01-02 to 2026-03-16
2026-03-17 14:53:04 [DEBUG] src.ingestion.fetch_prices: IEFA: 552 rows from 2024-01-02 to 2026-03-16
2026-03-17 14:53:04 [DEBUG] src.ingestion.fetch_prices: JNJ: 552 rows from 2024-01-02 to 2026-03-16
2026-03-17 14:53:04 [DEBUG] src.ingestion.fetch_prices: MSFT: 552 rows from 2024-01-02 to 2026-03-16
2026-03-17 14:53:04 [DEBUG] src.ingestion.fetch_prices: SPY: 552 rows from 2024-01-02 to 2026-03-16
2026-03-17 14:53:05 [DEBUG] src.ingestion.fetch_prices: XOM: 552 rows from 2024-01-02 to 2026-03-16
2026-03-17 14:53:05 [INFO] src.ingestion.fetch_prices: Raw prices saved to C:\Users\dipes\Desktop\Projects\portfolio-analytics-reporting\data\raw\prices_raw.parquet
2026-03-17 14:53:05 [INFO] src.ingestion.fetch_prices: Fetched 4416 price rows for 8 tickers
2026-03-17 14:53:05 [INFO] src.pipelines.run_pipeline: [3/10] Fetching Fama-French factors...
2026-03-17 14:53:05 [INFO] src.ingestion.fetch_factors: Fetching Fama-French daily factors from Kenneth French Data Library
2026-03-17 14:53:07 [INFO] src.ingestion.fetch_factors: Raw factors saved to C:\Users\dipes\Desktop\Projects\portfolio-analytics-reporting\data\raw\factors_ff_daily.parquet
2026-03-17 14:53:07 [INFO] src.ingestion.fetch_factors: Loaded 522 factor rows from 2024-01-02 to 2026-01-30
2026-03-17 14:53:07 [INFO] src.pipelines.run_pipeline: [4/10] Validating data...
2026-03-17 14:53:07 [INFO] src.validation.data_checks: Validation: PASSED
2026-03-17 14:53:07 [INFO] src.validation.data_checks: Validation: PASSED
2026-03-17 14:53:07 [INFO] src.validation.data_checks: Validation: PASSED
2026-03-17 14:53:07 [INFO] src.pipelines.run_pipeline: [5/10] Skipping warehouse (--no-warehouse)
2026-03-17 14:53:07 [INFO] src.pipelines.run_pipeline: [6/10] Building prices panel + computing returns...
2026-03-17 14:53:07 [INFO] src.processing.build_prices_panel: Prices panel built: 552 dates x 8 tickers (2024-01-02 to 2026-03-16)
2026-03-17 14:53:07 [INFO] src.processing.returns: Computed simple returns: 551 days x 8 tickers
2026-03-17 14:53:07 [INFO] src.processing.positions: Market values computed for 8 tickers over 552 days
2026-03-17 14:53:07 [INFO] src.processing.returns: Portfolio returns computed: 551 days, mean daily return = 0.0008
2026-03-17 14:53:07 [INFO] src.pipelines.run_pipeline:   -> Portfolio returns: 551 days, total return = 50.12%
2026-03-17 14:53:07 [INFO] src.pipelines.run_pipeline: [7/10] Computing performance metrics...
2026-03-17 14:53:07 [INFO] src.analytics.performance: Performance: cum_return=50.12%, ann_return=20.42%, sharpe=1.08, max_dd=-15.10%
2026-03-17 14:53:07 [INFO] src.pipelines.run_pipeline: [8/10] Computing risk metrics...
2026-03-17 14:53:07 [DEBUG] src.analytics.risk: Historical VaR(95%, 1d): 0.0117 (1.17% of portfolio)
2026-03-17 14:53:07 [DEBUG] src.analytics.risk: Historical CVaR(95%): 0.0191
2026-03-17 14:53:08 [INFO] src.analytics.risk: Risk: ann_vol=13.58%, max_dd=-15.10%, VaR95=1.17%, CVaR95=1.91%
2026-03-17 14:53:08 [INFO] src.pipelines.run_pipeline: [9/10] Running Fama-French factor regression...
2026-03-17 14:53:08 [INFO] src.analytics.factor_model: Factor model: alpha=2.48%/yr, beta_mkt=0.754, SMB=-0.141, HML=-0.053, R^2=0.782
2026-03-17 14:53:08 [INFO] src.pipelines.run_pipeline:   -> Style: Defensive all-cap blend portfolio (beta=0.75, alpha=2.48%/yr, R^2=78%)
2026-03-17 14:53:08 [INFO] src.pipelines.run_pipeline: [10/10] Generating charts and report...
2026-03-17 14:53:08 [INFO] src.reporting.charts: Generating charts...
2026-03-17 14:53:08 [INFO] src.reporting.charts: Chart saved: C:\Users\dipes\Desktop\Projects\portfolio-analytics-reporting\artifacts\figures\cumulative_returns.png
2026-03-17 14:53:08 [INFO] src.reporting.charts: Chart saved: C:\Users\dipes\Desktop\Projects\portfolio-analytics-reporting\artifacts\figures\drawdown.png
2026-03-17 14:53:08 [INFO] src.reporting.charts: Chart saved: C:\Users\dipes\Desktop\Projects\portfolio-analytics-reporting\artifacts\figures\rolling_volatility.png
2026-03-17 14:53:08 [INFO] src.reporting.charts: Chart saved: C:\Users\dipes\Desktop\Projects\portfolio-analytics-reporting\artifacts\figures\monthly_returns_heatmap.png
2026-03-17 14:53:08 [DEBUG] src.analytics.risk: Historical VaR(95%, 1d): 0.0117 (1.17% of portfolio)
2026-03-17 14:53:08 [DEBUG] src.analytics.risk: Historical CVaR(95%): 0.0191
2026-03-17 14:53:09 [INFO] src.reporting.charts: Chart saved: C:\Users\dipes\Desktop\Projects\portfolio-analytics-reporting\artifacts\figures\return_distribution.png
2026-03-17 14:53:09 [INFO] src.reporting.charts: Chart saved: C:\Users\dipes\Desktop\Projects\portfolio-analytics-reporting\artifacts\figures\factor_loadings.png
2026-03-17 14:53:09 [INFO] src.reporting.charts: Chart saved: C:\Users\dipes\Desktop\Projects\portfolio-analytics-reporting\artifacts\figures\sector_weights.png
2026-03-17 14:53:09 [INFO] src.reporting.charts: Generated 7 charts
2026-03-17 14:53:09 [INFO] src.reporting.generate_report: HTML report generated: C:\Users\dipes\Desktop\Projects\portfolio-analytics-reporting\artifacts\reports\portfolio_report_2026-03-17.html
2026-03-17 14:53:09 [INFO] src.pipelines.run_pipeline: 
2026-03-17 14:53:09 [INFO] src.pipelines.run_pipeline: ============================================================
2026-03-17 14:53:09 [INFO] src.pipelines.run_pipeline: PIPELINE COMPLETE
2026-03-17 14:53:09 [INFO] src.pipelines.run_pipeline: ============================================================
2026-03-17 14:53:09 [INFO] src.pipelines.run_pipeline:   Cumulative return : 50.12%
2026-03-17 14:53:09 [INFO] src.pipelines.run_pipeline:   Annualized return : 20.42%
2026-03-17 14:53:09 [INFO] src.pipelines.run_pipeline:   Sharpe ratio      : 1.08
2026-03-17 14:53:09 [INFO] src.pipelines.run_pipeline:   Max drawdown      : -15.10%
2026-03-17 14:53:09 [INFO] src.pipelines.run_pipeline:   VaR 95% (1d)      : 1.17%
2026-03-17 14:53:09 [INFO] src.pipelines.run_pipeline:   Factor beta (mkt) : 0.754
2026-03-17 14:53:09 [INFO] src.pipelines.run_pipeline:   Factor R^2        : 0.782
2026-03-17 14:53:09 [INFO] src.pipelines.run_pipeline:   Report            : C:\Users\dipes\Desktop\Projects\portfolio-analytics-reporting\artifacts\reports\portfolio_report_2026-03-17.html
2026-03-17 14:53:09 [INFO] src.pipelines.run_pipeline:   Charts            : 7 saved to artifacts/figures/
2026-03-17 14:53:09 [INFO] src.pipelines.run_pipeline: 
2026-03-17 14:54:01 [INFO] src.pipelines.run_pipeline: ============================================================
2026-03-17 14:54:01 [INFO] src.pipelines.run_pipeline: PORTFOLIO ANALYTICS PIPELINE - 2026-03-17
2026-03-17 14:54:01 [INFO] src.pipelines.run_pipeline: ============================================================
2026-03-17 14:54:01 [INFO] src.pipelines.run_pipeline: [1/10] Loading holdings...
2026-03-17 14:54:01 [INFO] src.ingestion.load_holdings: Loading holdings from C:\Users\dipes\Desktop\Projects\portfolio-analytics-reporting\data\samples\portfolio_holdings.csv
2026-03-17 14:54:01 [INFO] src.ingestion.load_holdings: Loaded 8 holdings rows for 8 tickers
2026-03-17 14:54:01 [DEBUG] src.ingestion.load_holdings: Tickers: ['AAPL', 'AGG', 'GLD', 'IEFA', 'JNJ', 'MSFT', 'SPY', 'XOM']
2026-03-17 14:54:01 [INFO] src.pipelines.run_pipeline:   -> 8 rows, 8 tickers: ['AAPL', 'AGG', 'GLD', 'IEFA', 'JNJ', 'MSFT', 'SPY', 'XOM']
2026-03-17 14:54:01 [INFO] src.pipelines.run_pipeline: [2/10] Fetching prices from Yahoo Finance...
2026-03-17 14:54:01 [INFO] src.ingestion.fetch_prices: Fetching prices for 8 tickers: ['AAPL', 'AGG', 'GLD', 'IEFA', 'JNJ', 'MSFT', 'SPY', 'XOM']
2026-03-17 14:54:01 [INFO] src.ingestion.fetch_prices: Date range: 2024-01-01 to 2026-03-17
2026-03-17 14:54:01 [DEBUG] src.ingestion.fetch_prices: AAPL: 552 rows from 2024-01-02 to 2026-03-16
2026-03-17 14:54:01 [DEBUG] src.ingestion.fetch_prices: AGG: 552 rows from 2024-01-02 to 2026-03-16
2026-03-17 14:54:01 [DEBUG] src.ingestion.fetch_prices: GLD: 552 rows from 2024-01-02 to 2026-03-16
2026-03-17 14:54:01 [DEBUG] src.ingestion.fetch_prices: IEFA: 552 rows from 2024-01-02 to 2026-03-16
2026-03-17 14:54:01 [DEBUG] src.ingestion.fetch_prices: JNJ: 552 rows from 2024-01-02 to 2026-03-16
2026-03-17 14:54:01 [DEBUG] src.ingestion.fetch_prices: MSFT: 552 rows from 2024-01-02 to 2026-03-16
2026-03-17 14:54:01 [DEBUG] src.ingestion.fetch_prices: SPY: 552 rows from 2024-01-02 to 2026-03-16
2026-03-17 14:54:01 [DEBUG] src.ingestion.fetch_prices: XOM: 552 rows from 2024-01-02 to 2026-03-16
2026-03-17 14:54:01 [INFO] src.ingestion.fetch_prices: Raw prices saved to C:\Users\dipes\Desktop\Projects\portfolio-analytics-reporting\data\raw\prices_raw.parquet
2026-03-17 14:54:01 [INFO] src.ingestion.fetch_prices: Fetched 4416 price rows for 8 tickers
2026-03-17 14:54:01 [INFO] src.pipelines.run_pipeline: [3/10] Fetching Fama-French factors...
2026-03-17 14:54:01 [INFO] src.ingestion.fetch_factors: Fetching Fama-French daily factors from Kenneth French Data Library
2026-03-17 14:54:03 [INFO] src.ingestion.fetch_factors: Raw factors saved to C:\Users\dipes\Desktop\Projects\portfolio-analytics-reporting\data\raw\factors_ff_daily.parquet
2026-03-17 14:54:03 [INFO] src.ingestion.fetch_factors: Loaded 522 factor rows from 2024-01-02 to 2026-01-30
2026-03-17 14:54:03 [INFO] src.pipelines.run_pipeline: [4/10] Validating data...
2026-03-17 14:54:03 [INFO] src.validation.data_checks: Validation: PASSED
2026-03-17 14:54:03 [INFO] src.validation.data_checks: Validation: PASSED
2026-03-17 14:54:03 [INFO] src.validation.data_checks: Validation: PASSED
2026-03-17 14:54:03 [INFO] src.pipelines.run_pipeline: [5/10] Skipping warehouse (--no-warehouse)
2026-03-17 14:54:03 [INFO] src.pipelines.run_pipeline: [6/10] Building prices panel + computing returns...
2026-03-17 14:54:03 [INFO] src.processing.build_prices_panel: Prices panel built: 552 dates x 8 tickers (2024-01-02 to 2026-03-16)
2026-03-17 14:54:03 [INFO] src.processing.returns: Computed simple returns: 551 days x 8 tickers
2026-03-17 14:54:03 [INFO] src.processing.positions: Market values computed for 8 tickers over 552 days
2026-03-17 14:54:03 [INFO] src.processing.returns: Portfolio returns computed: 551 days, mean daily return = 0.0008
2026-03-17 14:54:03 [INFO] src.pipelines.run_pipeline:   -> Portfolio returns: 551 days, total return = 50.12%
2026-03-17 14:54:03 [INFO] src.pipelines.run_pipeline: [7/10] Computing performance metrics...
2026-03-17 14:54:03 [INFO] src.analytics.performance: Performance: cum_return=50.12%, ann_return=20.42%, sharpe=1.08, max_dd=-15.10%
2026-03-17 14:54:03 [INFO] src.pipelines.run_pipeline: [8/10] Computing risk metrics...
2026-03-17 14:54:03 [DEBUG] src.analytics.risk: Historical VaR(95%, 1d): 0.0117 (1.17% of portfolio)
2026-03-17 14:54:03 [DEBUG] src.analytics.risk: Historical CVaR(95%): 0.0191
2026-03-17 14:54:03 [INFO] src.analytics.risk: Risk: ann_vol=13.58%, max_dd=-15.10%, VaR95=1.17%, CVaR95=1.91%
2026-03-17 14:54:03 [INFO] src.pipelines.run_pipeline: [9/10] Running Fama-French factor regression...
2026-03-17 14:54:03 [INFO] src.analytics.factor_model: Factor model: alpha=2.48%/yr, beta_mkt=0.754, SMB=-0.141, HML=-0.053, R^2=0.782
2026-03-17 14:54:03 [INFO] src.pipelines.run_pipeline:   -> Style: Defensive all-cap blend portfolio (beta=0.75, alpha=2.48%/yr, R^2=78%)
2026-03-17 14:54:03 [INFO] src.pipelines.run_pipeline: [10/10] Generating charts and report...
2026-03-17 14:54:03 [INFO] src.reporting.charts: Generating charts...
2026-03-17 14:54:04 [INFO] src.reporting.charts: Chart saved: C:\Users\dipes\Desktop\Projects\portfolio-analytics-reporting\artifacts\figures\cumulative_returns.png
2026-03-17 14:54:04 [INFO] src.reporting.charts: Chart saved: C:\Users\dipes\Desktop\Projects\portfolio-analytics-reporting\artifacts\figures\drawdown.png
2026-03-17 14:54:04 [INFO] src.reporting.charts: Chart saved: C:\Users\dipes\Desktop\Projects\portfolio-analytics-reporting\artifacts\figures\rolling_volatility.png
2026-03-17 14:54:04 [INFO] src.reporting.charts: Chart saved: C:\Users\dipes\Desktop\Projects\portfolio-analytics-reporting\artifacts\figures\monthly_returns_heatmap.png
2026-03-17 14:54:04 [DEBUG] src.analytics.risk: Historical VaR(95%, 1d): 0.0117 (1.17% of portfolio)
2026-03-17 14:54:04 [DEBUG] src.analytics.risk: Historical CVaR(95%): 0.0191
2026-03-17 14:54:04 [INFO] src.reporting.charts: Chart saved: C:\Users\dipes\Desktop\Projects\portfolio-analytics-reporting\artifacts\figures\return_distribution.png
2026-03-17 14:54:04 [INFO] src.reporting.charts: Chart saved: C:\Users\dipes\Desktop\Projects\portfolio-analytics-reporting\artifacts\figures\factor_loadings.png
2026-03-17 14:54:04 [INFO] src.reporting.charts: Chart saved: C:\Users\dipes\Desktop\Projects\portfolio-analytics-reporting\artifacts\figures\sector_weights.png
2026-03-17 14:54:04 [INFO] src.reporting.charts: Generated 7 charts
2026-03-17 14:54:04 [INFO] src.reporting.generate_report: HTML report generated: C:\Users\dipes\Desktop\Projects\portfolio-analytics-reporting\artifacts\reports\portfolio_report_2026-03-17.html
2026-03-17 14:54:04 [INFO] src.pipelines.run_pipeline: 
2026-03-17 14:54:04 [INFO] src.pipelines.run_pipeline: ============================================================
2026-03-17 14:54:04 [INFO] src.pipelines.run_pipeline: PIPELINE COMPLETE
2026-03-17 14:54:04 [INFO] src.pipelines.run_pipeline: ============================================================
2026-03-17 14:54:04 [INFO] src.pipelines.run_pipeline:   Cumulative return : 50.12%
2026-03-17 14:54:04 [INFO] src.pipelines.run_pipeline:   Annualized return : 20.42%
2026-03-17 14:54:04 [INFO] src.pipelines.run_pipeline:   Sharpe ratio      : 1.08
2026-03-17 14:54:04 [INFO] src.pipelines.run_pipeline:   Max drawdown      : -15.10%
2026-03-17 14:54:04 [INFO] src.pipelines.run_pipeline:   VaR 95% (1d)      : 1.17%
2026-03-17 14:54:04 [INFO] src.pipelines.run_pipeline:   Factor beta (mkt) : 0.754
2026-03-17 14:54:04 [INFO] src.pipelines.run_pipeline:   Factor R^2        : 0.782
2026-03-17 14:54:04 [INFO] src.pipelines.run_pipeline:   Report            : C:\Users\dipes\Desktop\Projects\portfolio-analytics-reporting\artifacts\reports\portfolio_report_2026-03-17.html
2026-03-17 14:54:04 [INFO] src.pipelines.run_pipeline:   Charts            : 7 saved to artifacts/figures/
2026-03-17 14:54:04 [INFO] src.pipelines.run_pipeline: 
2026-03-17 14:55:00 [INFO] src.pipelines.run_pipeline: ============================================================
2026-03-17 14:55:00 [INFO] src.pipelines.run_pipeline: PORTFOLIO ANALYTICS PIPELINE - 2026-03-17
2026-03-17 14:55:00 [INFO] src.pipelines.run_pipeline: ============================================================
2026-03-17 14:55:00 [INFO] src.pipelines.run_pipeline: [1/10] Loading holdings...
2026-03-17 14:55:00 [INFO] src.ingestion.load_holdings: Loading holdings from C:\Users\dipes\Desktop\Projects\portfolio-analytics-reporting\data\samples\portfolio_holdings.csv
2026-03-17 14:55:00 [INFO] src.ingestion.load_holdings: Loaded 8 holdings rows for 8 tickers
2026-03-17 14:55:00 [DEBUG] src.ingestion.load_holdings: Tickers: ['AAPL', 'AGG', 'GLD', 'IEFA', 'JNJ', 'MSFT', 'SPY', 'XOM']
2026-03-17 14:55:00 [INFO] src.pipelines.run_pipeline:   -> 8 rows, 8 tickers: ['AAPL', 'AGG', 'GLD', 'IEFA', 'JNJ', 'MSFT', 'SPY', 'XOM']
2026-03-17 14:55:00 [INFO] src.pipelines.run_pipeline: [2/10] Fetching prices from Yahoo Finance...
2026-03-17 14:55:00 [INFO] src.ingestion.fetch_prices: Fetching prices for 8 tickers: ['AAPL', 'AGG', 'GLD', 'IEFA', 'JNJ', 'MSFT', 'SPY', 'XOM']
2026-03-17 14:55:00 [INFO] src.ingestion.fetch_prices: Date range: 2024-01-01 to 2026-03-17
2026-03-17 14:55:00 [DEBUG] src.ingestion.fetch_prices: AAPL: 552 rows from 2024-01-02 to 2026-03-16
2026-03-17 14:55:00 [DEBUG] src.ingestion.fetch_prices: AGG: 552 rows from 2024-01-02 to 2026-03-16
2026-03-17 14:55:00 [DEBUG] src.ingestion.fetch_prices: GLD: 552 rows from 2024-01-02 to 2026-03-16
2026-03-17 14:55:00 [DEBUG] src.ingestion.fetch_prices: IEFA: 552 rows from 2024-01-02 to 2026-03-16
2026-03-17 14:55:00 [DEBUG] src.ingestion.fetch_prices: JNJ: 552 rows from 2024-01-02 to 2026-03-16
2026-03-17 14:55:00 [DEBUG] src.ingestion.fetch_prices: MSFT: 552 rows from 2024-01-02 to 2026-03-16
2026-03-17 14:55:00 [DEBUG] src.ingestion.fetch_prices: SPY: 552 rows from 2024-01-02 to 2026-03-16
2026-03-17 14:55:00 [DEBUG] src.ingestion.fetch_prices: XOM: 552 rows from 2024-01-02 to 2026-03-16
2026-03-17 14:55:00 [INFO] src.ingestion.fetch_prices: Raw prices saved to C:\Users\dipes\Desktop\Projects\portfolio-analytics-reporting\data\raw\prices_raw.parquet
2026-03-17 14:55:00 [INFO] src.ingestion.fetch_prices: Fetched 4416 price rows for 8 tickers
2026-03-17 14:55:00 [INFO] src.pipelines.run_pipeline: [3/10] Fetching Fama-French factors...
2026-03-17 14:55:00 [INFO] src.ingestion.fetch_factors: Fetching Fama-French daily factors from Kenneth French Data Library
2026-03-17 14:55:02 [INFO] src.ingestion.fetch_factors: Raw factors saved to C:\Users\dipes\Desktop\Projects\portfolio-analytics-reporting\data\raw\factors_ff_daily.parquet
2026-03-17 14:55:02 [INFO] src.ingestion.fetch_factors: Loaded 522 factor rows from 2024-01-02 to 2026-01-30
2026-03-17 14:55:02 [INFO] src.pipelines.run_pipeline: [4/10] Validating data...
2026-03-17 14:55:02 [INFO] src.validation.data_checks: Validation: PASSED
2026-03-17 14:55:02 [INFO] src.validation.data_checks: Validation: PASSED
2026-03-17 14:55:02 [INFO] src.validation.data_checks: Validation: PASSED
2026-03-17 14:55:02 [INFO] src.pipelines.run_pipeline: [5/10] Skipping warehouse (--no-warehouse)
2026-03-17 14:55:02 [INFO] src.pipelines.run_pipeline: [6/10] Building prices panel + computing returns...
2026-03-17 14:55:02 [INFO] src.processing.build_prices_panel: Prices panel built: 552 dates x 8 tickers (2024-01-02 to 2026-03-16)
2026-03-17 14:55:02 [INFO] src.processing.returns: Computed simple returns: 551 days x 8 tickers
2026-03-17 14:55:02 [INFO] src.processing.positions: Market values computed for 8 tickers over 552 days
2026-03-17 14:55:02 [INFO] src.processing.returns: Portfolio returns computed: 551 days, mean daily return = 0.0008
2026-03-17 14:55:02 [INFO] src.pipelines.run_pipeline:   -> Portfolio returns: 551 days, total return = 50.12%
2026-03-17 14:55:02 [INFO] src.pipelines.run_pipeline: [7/10] Computing performance metrics...
2026-03-17 14:55:02 [INFO] src.analytics.performance: Performance: cum_return=50.12%, ann_return=20.42%, sharpe=1.08, max_dd=-15.10%
2026-03-17 14:55:02 [INFO] src.pipelines.run_pipeline: [8/10] Computing risk metrics...
2026-03-17 14:55:02 [DEBUG] src.analytics.risk: Historical VaR(95%, 1d): 0.0117 (1.17% of portfolio)
2026-03-17 14:55:02 [DEBUG] src.analytics.risk: Historical CVaR(95%): 0.0191
2026-03-17 14:55:02 [INFO] src.analytics.risk: Risk: ann_vol=13.58%, max_dd=-15.10%, VaR95=1.17%, CVaR95=1.91%
2026-03-17 14:55:02 [INFO] src.pipelines.run_pipeline: [9/10] Running Fama-French factor regression...
2026-03-17 14:55:02 [INFO] src.analytics.factor_model: Factor model: alpha=2.48%/yr, beta_mkt=0.754, SMB=-0.141, HML=-0.053, R^2=0.782
2026-03-17 14:55:02 [INFO] src.pipelines.run_pipeline:   -> Style: Defensive all-cap blend portfolio (beta=0.75, alpha=2.48%/yr, R^2=78%)
2026-03-17 14:55:02 [INFO] src.pipelines.run_pipeline: [10/10] Generating charts and report...
2026-03-17 14:55:02 [INFO] src.reporting.charts: Generating charts...
2026-03-17 14:55:02 [INFO] src.reporting.charts: Chart saved: C:\Users\dipes\Desktop\Projects\portfolio-analytics-reporting\artifacts\figures\cumulative_returns.png
2026-03-17 14:55:03 [INFO] src.reporting.charts: Chart saved: C:\Users\dipes\Desktop\Projects\portfolio-analytics-reporting\artifacts\figures\drawdown.png
2026-03-17 14:55:03 [INFO] src.reporting.charts: Chart saved: C:\Users\dipes\Desktop\Projects\portfolio-analytics-reporting\artifacts\figures\rolling_volatility.png
2026-03-17 14:55:03 [INFO] src.reporting.charts: Chart saved: C:\Users\dipes\Desktop\Projects\portfolio-analytics-reporting\artifacts\figures\monthly_returns_heatmap.png
2026-03-17 14:55:03 [DEBUG] src.analytics.risk: Historical VaR(95%, 1d): 0.0117 (1.17% of portfolio)
2026-03-17 14:55:03 [DEBUG] src.analytics.risk: Historical CVaR(95%): 0.0191
2026-03-17 14:55:03 [INFO] src.reporting.charts: Chart saved: C:\Users\dipes\Desktop\Projects\portfolio-analytics-reporting\artifacts\figures\return_distribution.png
2026-03-17 14:55:03 [INFO] src.reporting.charts: Chart saved: C:\Users\dipes\Desktop\Projects\portfolio-analytics-reporting\artifacts\figures\factor_loadings.png
2026-03-17 14:55:03 [INFO] src.reporting.charts: Chart saved: C:\Users\dipes\Desktop\Projects\portfolio-analytics-reporting\artifacts\figures\sector_weights.png
2026-03-17 14:55:03 [INFO] src.reporting.charts: Generated 7 charts
2026-03-17 14:55:03 [INFO] src.reporting.generate_report: HTML report generated: C:\Users\dipes\Desktop\Projects\portfolio-analytics-reporting\artifacts\reports\portfolio_report_2026-03-17.html
2026-03-17 14:55:03 [INFO] src.pipelines.run_pipeline: 
2026-03-17 14:55:03 [INFO] src.pipelines.run_pipeline: ============================================================
2026-03-17 14:55:03 [INFO] src.pipelines.run_pipeline: PIPELINE COMPLETE
2026-03-17 14:55:03 [INFO] src.pipelines.run_pipeline: ============================================================
2026-03-17 14:55:03 [INFO] src.pipelines.run_pipeline:   Cumulative return : 50.12%
2026-03-17 14:55:03 [INFO] src.pipelines.run_pipeline:   Annualized return : 20.42%
2026-03-17 14:55:03 [INFO] src.pipelines.run_pipeline:   Sharpe ratio      : 1.08
2026-03-17 14:55:03 [INFO] src.pipelines.run_pipeline:   Max drawdown      : -15.10%
2026-03-17 14:55:03 [INFO] src.pipelines.run_pipeline:   VaR 95% (1d)      : 1.17%
2026-03-17 14:55:03 [INFO] src.pipelines.run_pipeline:   Factor beta (mkt) : 0.754
2026-03-17 14:55:03 [INFO] src.pipelines.run_pipeline:   Factor R^2        : 0.782
2026-03-17 14:55:03 [INFO] src.pipelines.run_pipeline:   Report            : C:\Users\dipes\Desktop\Projects\portfolio-analytics-reporting\artifacts\reports\portfolio_report_2026-03-17.html
2026-03-17 14:55:03 [INFO] src.pipelines.run_pipeline:   Charts            : 7 saved to artifacts/figures/
2026-03-17 14:55:03 [INFO] src.pipelines.run_pipeline: 
